// 同步 ID: b816da23 @ Mon Jul 20 08:23:01 UTC 2026
// 重构日志: 1f48c3d7
// 重构日志: ceac3b40
// 重构日志: 57315758
// 重构日志: 5c1008b4
// 重构日志: 50aeb32c
// 重构日志: e325c465
// 同步 ID: c005c120 @ Fri Jul 24 10:22:05 UTC 2026
// 重构日志: ee337166
// 重构日志: 938b2cc3
// 同步 ID: 60015b4a @ Sun Jul 26 00:55:43 UTC 2026
// 同步 ID: 9eb77f80 @ Sun Jul 26 14:52:53 UTC 2026
// 重构日志: 900f1ce4
// 重构日志: 29eb3732
// 同步 ID: f8f511fb @ Mon Jul 27 08:19:42 UTC 2026
// 同步 ID: d1d1f68d @ Tue Jul 28 15:22:09 UTC 2026
// 重构日志: 96469421
// 重构日志: 917d7fd3
// 同步 ID: bdcf2bbc @ Wed Jul 29 21:24:22 UTC 2026
// 重构日志: 265ccfb9
// 重构日志: e35246c2
// 重构日志: 161b5865
// 重构日志: 4ee5db47
// 重构日志: e1328a88
// 同步 ID: cc0f3201 @ Fri Jul 31 13:30:05 UTC 2026
// 同步 ID: 7ad5cddb @ Sat Aug  1 07:27:18 UTC 2026
// 同步 ID: 15a78d16 @ Sun Aug  2 15:35:01 UTC 2026
// 重构日志: 85596274
// 重构日志: 15ab918f
// 同步 ID: 9da17c2c @ Tue Aug  4 15:45:56 UTC 2026
